<!DOCTYPE html><html data-critters-container><head><style data-next-hide-fouc="true">body{display:none}</style><noscript data-next-hide-fouc="true"><style>body{display:block}</style></noscript><meta charset="utf-8"><meta name="viewport" content="width=device-width"><meta name="next-head-count" content="2"><script defer nomodule src="/_next/static/chunks/polyfills.js"></script><script src="/_next/static/chunks/webpack.js" defer></script><script src="/_next/static/chunks/main.js" defer></script><script src="/_next/static/chunks/pages/_app.js" defer></script><script src="/_next/static/chunks/pages/_error.js" defer></script><script src="/_next/static/development/_buildManifest.js" defer></script><script src="/_next/static/development/_ssgManifest.js" defer></script><noscript data-n-css></noscript><noscript id="__next_css__DO_NOT_USE__"></noscript></head><body><div id="__next"></div><script src="/_next/static/chunks/react-refresh.js"></script><script id="__NEXT_DATA__" type="application/json">{"props":{"pageProps":{"statusCode":500}},"page":"/_error","query":{},"buildId":"development","isFallback":false,"err":{"name":"Error","source":"server","message":"@prisma/client did not initialize yet. Please run \"prisma generate\" and try to import it again.","stack":"Error: @prisma/client did not initialize yet. Please run \"prisma generate\" and try to import it again.\n    at new PrismaClient (C:\\Users\\Power\\visa2any\\node_modules\\.prisma\\client\\default.js:43:11)\n    at eval (webpack-internal:///(rsc)/./src/lib/prisma.ts:9:42)\n    at (rsc)/./src/lib/prisma.ts (C:\\Users\\Power\\visa2any\\.next\\server\\app\\api\\debug\\test-mercadopago\\route.js:72:1)\n    at __webpack_require__ (C:\\Users\\Power\\visa2any\\.next\\server\\webpack-runtime.js:33:42)\n    at eval (webpack-internal:///(rsc)/./src/app/api/debug/test-mercadopago/route.ts:6:69)\n    at (rsc)/./src/app/api/debug/test-mercadopago/route.ts (C:\\Users\\Power\\visa2any\\.next\\server\\app\\api\\debug\\test-mercadopago\\route.js:62:1)\n    at __webpack_require__ (C:\\Users\\Power\\visa2any\\.next\\server\\webpack-runtime.js:33:42)\n    at eval (webpack-internal:///(rsc)/./node_modules/next/dist/build/webpack/loaders/next-app-loader.js?name=app%2Fapi%2Fdebug%2Ftest-mercadopago%2Froute\u0026page=%2Fapi%2Fdebug%2Ftest-mercadopago%2Froute\u0026appPaths=\u0026pagePath=private-next-app-dir%2Fapi%2Fdebug%2Ftest-mercadopago%2Froute.ts\u0026appDir=C%3A%5CUsers%5CPower%5Cvisa2any%5Csrc%5Capp\u0026pageExtensions=tsx\u0026pageExtensions=ts\u0026pageExtensions=jsx\u0026pageExtensions=js\u0026rootDir=C%3A%5CUsers%5CPower%5Cvisa2any\u0026isDev=true\u0026tsconfigPath=tsconfig.json\u0026basePath=\u0026assetPrefix=\u0026nextConfigOutput=standalone\u0026preferredRegion=\u0026middlewareConfig=e30%3D!:15:124)\n    at (rsc)/./node_modules/next/dist/build/webpack/loaders/next-app-loader.js?name=app%2Fapi%2Fdebug%2Ftest-mercadopago%2Froute\u0026page=%2Fapi%2Fdebug%2Ftest-mercadopago%2Froute\u0026appPaths=\u0026pagePath=private-next-app-dir%2Fapi%2Fdebug%2Ftest-mercadopago%2Froute.ts\u0026appDir=C%3A%5CUsers%5CPower%5Cvisa2any%5Csrc%5Capp\u0026pageExtensions=tsx\u0026pageExtensions=ts\u0026pageExtensions=jsx\u0026pageExtensions=js\u0026rootDir=C%3A%5CUsers%5CPower%5Cvisa2any\u0026isDev=true\u0026tsconfigPath=tsconfig.json\u0026basePath=\u0026assetPrefix=\u0026nextConfigOutput=standalone\u0026preferredRegion=\u0026middlewareConfig=e30%3D! (C:\\Users\\Power\\visa2any\\.next\\server\\app\\api\\debug\\test-mercadopago\\route.js:52:1)\n    at __webpack_require__ (C:\\Users\\Power\\visa2any\\.next\\server\\webpack-runtime.js:33:42)\n    at __webpack_exec__ (C:\\Users\\Power\\visa2any\\.next\\server\\app\\api\\debug\\test-mercadopago\\route.js:82:39)\n    at C:\\Users\\Power\\visa2any\\.next\\server\\app\\api\\debug\\test-mercadopago\\route.js:83:83\n    at __webpack_require__.X (C:\\Users\\Power\\visa2any\\.next\\server\\webpack-runtime.js:121:21)\n    at C:\\Users\\Power\\visa2any\\.next\\server\\app\\api\\debug\\test-mercadopago\\route.js:83:47\n    at Object.\u003canonymous\u003e (C:\\Users\\Power\\visa2any\\.next\\server\\app\\api\\debug\\test-mercadopago\\route.js:86:3)\n    at Module._compile (node:internal/modules/cjs/loader:1730:14)\n    at Object..js (node:internal/modules/cjs/loader:1895:10)\n    at Module.load (node:internal/modules/cjs/loader:1465:32)\n    at Function._load (node:internal/modules/cjs/loader:1282:12)\n    at TracingChannel.traceSync (node:diagnostics_channel:322:14)\n    at wrapModuleLoad (node:internal/modules/cjs/loader:235:24)\n    at Module.\u003canonymous\u003e (node:internal/modules/cjs/loader:1487:12)\n    at mod.require (C:\\Users\\Power\\visa2any\\node_modules\\next\\dist\\server\\require-hook.js:65:28)\n    at require (node:internal/modules/helpers:135:16)\n    at requirePage (C:\\Users\\Power\\visa2any\\node_modules\\next\\dist\\server\\require.js:109:84)\n    at C:\\Users\\Power\\visa2any\\node_modules\\next\\dist\\server\\load-components.js:98:84\n    at async loadComponentsImpl (C:\\Users\\Power\\visa2any\\node_modules\\next\\dist\\server\\load-components.js:98:26)\n    at async DevServer.findPageComponentsImpl (C:\\Users\\Power\\visa2any\\node_modules\\next\\dist\\server\\next-server.js:709:36)\n    at async DevServer.findPageComponents (C:\\Users\\Power\\visa2any\\node_modules\\next\\dist\\server\\dev\\next-dev-server.js:577:20)\n    at async DevServer.renderPageComponent (C:\\Users\\Power\\visa2any\\node_modules\\next\\dist\\server\\base-server.js:1894:24)\n    at async DevServer.renderToResponseImpl (C:\\Users\\Power\\visa2any\\node_modules\\next\\dist\\server\\base-server.js:1946:32)\n    at async DevServer.pipeImpl (C:\\Users\\Power\\visa2any\\node_modules\\next\\dist\\server\\base-server.js:921:25)\n    at async NextNodeServer.handleCatchallRenderRequest (C:\\Users\\Power\\visa2any\\node_modules\\next\\dist\\server\\next-server.js:272:17)\n    at async DevServer.handleRequestImpl (C:\\Users\\Power\\visa2any\\node_modules\\next\\dist\\server\\base-server.js:817:17)\n    at async C:\\Users\\Power\\visa2any\\node_modules\\next\\dist\\server\\dev\\next-dev-server.js:339:20\n    at async Span.traceAsyncFn (C:\\Users\\Power\\visa2any\\node_modules\\next\\dist\\trace\\trace.js:154:20)\n    at async DevServer.handleRequest (C:\\Users\\Power\\visa2any\\node_modules\\next\\dist\\server\\dev\\next-dev-server.js:336:24)\n    at async invokeRender (C:\\Users\\Power\\visa2any\\node_modules\\next\\dist\\server\\lib\\router-server.js:173:21)\n    at async handleRequest (C:\\Users\\Power\\visa2any\\node_modules\\next\\dist\\server\\lib\\router-server.js:350:24)\n    at async requestHandlerImpl (C:\\Users\\Power\\visa2any\\node_modules\\next\\dist\\server\\lib\\router-server.js:374:13)\n    at async Server.requestListener (C:\\Users\\Power\\visa2any\\node_modules\\next\\dist\\server\\lib\\start-server.js:141:13)"},"gip":true,"scriptLoader":[]}</script></body></html>
